apples                              1.99
toothbrush                          0.99
10.0% off (toothbrush)             -0.10

Total:                              2.88
