apples                              9.95
  1.99 * 5.000
apples                              9.95
  1.99 * 5.000
5 for 25 (apples)                  30.10

Total:                             50.00
