apples                              1.99
toothbrush                          0.99

Total:                              2.98
