apples                              5.97
  1.99 * 3.000
toothbrush                          0.99
3 for 2 (apples)                   -1.99
10.0% off (toothbrush)             -0.10

Total:                              4.87
